../Drivers/CMSIS/Include/core_cm3.h:1876:26:ITM_SendChar	16	static,ignoring_inline_asm
../Core/Src/main.c:72:5:_write	32	static
../Core/Src/main.c:86:6:HAL_UART_RxCpltCallback	16	static
../Core/Src/main.c:98:5:main	120	static
../Core/Src/main.c:176:6:SystemClock_Config	72	static
../Core/Src/main.c:216:13:MX_I2C1_Init	8	static
../Core/Src/main.c:250:13:MX_USART1_UART_Init	8	static
../Core/Src/main.c:281:13:MX_DMA_Init	16	static
../Core/Src/main.c:299:13:MX_GPIO_Init	40	static
../Core/Src/main.c:335:6:Error_Handler	4	static,ignoring_inline_asm
