F:/Workspace/21_EmbeddedSystem/VL53L0X_Test1/Library/VL53/VL53L0X.c:44:6:writeReg	32	static
F:/Workspace/21_EmbeddedSystem/VL53L0X_Test1/Library/VL53/VL53L0X.c:51:6:writeReg16Bit	32	static
F:/Workspace/21_EmbeddedSystem/VL53L0X_Test1/Library/VL53/VL53L0X.c:58:6:writeReg32Bit	32	static
F:/Workspace/21_EmbeddedSystem/VL53L0X_Test1/Library/VL53/VL53L0X.c:65:9:readReg	40	static
F:/Workspace/21_EmbeddedSystem/VL53L0X_Test1/Library/VL53/VL53L0X.c:75:10:readReg16Bit	40	static
F:/Workspace/21_EmbeddedSystem/VL53L0X_Test1/Library/VL53/VL53L0X.c:85:10:readReg32Bit	40	static
F:/Workspace/21_EmbeddedSystem/VL53L0X_Test1/Library/VL53/VL53L0X.c:95:6:writeMulti	32	static
F:/Workspace/21_EmbeddedSystem/VL53L0X_Test1/Library/VL53/VL53L0X.c:103:6:readMulti	32	static
F:/Workspace/21_EmbeddedSystem/VL53L0X_Test1/Library/VL53/VL53L0X.c:111:6:setAddress_VL53L0X	16	static
F:/Workspace/21_EmbeddedSystem/VL53L0X_Test1/Library/VL53/VL53L0X.c:116:9:getAddress_VL53L0X	4	static
F:/Workspace/21_EmbeddedSystem/VL53L0X_Test1/Library/VL53/VL53L0X.c:128:6:initVL53L0X	32	static
F:/Workspace/21_EmbeddedSystem/VL53L0X_Test1/Library/VL53/VL53L0X.c:362:6:setSignalRateLimit	16	static
F:/Workspace/21_EmbeddedSystem/VL53L0X_Test1/Library/VL53/VL53L0X.c:372:7:getSignalRateLimit	8	static
F:/Workspace/21_EmbeddedSystem/VL53L0X_Test1/Library/VL53/VL53L0X.c:384:6:setMeasurementTimingBudget	80	static
F:/Workspace/21_EmbeddedSystem/VL53L0X_Test1/Library/VL53/VL53L0X.c:473:10:getMeasurementTimingBudget	56	static
F:/Workspace/21_EmbeddedSystem/VL53L0X_Test1/Library/VL53/VL53L0X.c:527:6:setVcselPulsePeriod	56	static
F:/Workspace/21_EmbeddedSystem/VL53L0X_Test1/Library/VL53/VL53L0X.c:704:9:getVcselPulsePeriod	16	static
F:/Workspace/21_EmbeddedSystem/VL53L0X_Test1/Library/VL53/VL53L0X.c:723:6:startContinuous	24	static
F:/Workspace/21_EmbeddedSystem/VL53L0X_Test1/Library/VL53/VL53L0X.c:761:6:stopContinuous	8	static
F:/Workspace/21_EmbeddedSystem/VL53L0X_Test1/Library/VL53/VL53L0X.c:776:10:readRangeContinuousMillimeters	32	static
F:/Workspace/21_EmbeddedSystem/VL53L0X_Test1/Library/VL53/VL53L0X.c:819:10:readRangeSingleMillimeters	16	static
F:/Workspace/21_EmbeddedSystem/VL53L0X_Test1/Library/VL53/VL53L0X.c:841:6:timeoutOccurred	16	static
F:/Workspace/21_EmbeddedSystem/VL53L0X_Test1/Library/VL53/VL53L0X.c:848:6:setTimeout	16	static
F:/Workspace/21_EmbeddedSystem/VL53L0X_Test1/Library/VL53/VL53L0X.c:852:10:getTimeout	4	static
F:/Workspace/21_EmbeddedSystem/VL53L0X_Test1/Library/VL53/VL53L0X.c:861:6:getSpadInfo	24	static
F:/Workspace/21_EmbeddedSystem/VL53L0X_Test1/Library/VL53/VL53L0X.c:903:6:getSequenceStepEnables	24	static
F:/Workspace/21_EmbeddedSystem/VL53L0X_Test1/Library/VL53/VL53L0X.c:918:6:getSequenceStepTimeouts	16	static
F:/Workspace/21_EmbeddedSystem/VL53L0X_Test1/Library/VL53/VL53L0X.c:952:10:decodeTimeout	16	static
F:/Workspace/21_EmbeddedSystem/VL53L0X_Test1/Library/VL53/VL53L0X.c:963:10:encodeTimeout	24	static
F:/Workspace/21_EmbeddedSystem/VL53L0X_Test1/Library/VL53/VL53L0X.c:987:10:timeoutMclksToMicroseconds	24	static
F:/Workspace/21_EmbeddedSystem/VL53L0X_Test1/Library/VL53/VL53L0X.c:996:10:timeoutMicrosecondsToMclks	24	static
F:/Workspace/21_EmbeddedSystem/VL53L0X_Test1/Library/VL53/VL53L0X.c:1005:6:performSingleRefCalibration	16	static
